// Jest Snapshot v1, https://goo.gl/fbAQLP

exports[`Storyshots Command Palette/Command Palette No Command 1`] = `
Array [
  <div>
    ctrl+p to show the command palette
  </div>,
  <div
    className="react-command-palette"
  >
    <button
      className="trigger"
      onClick={[Function]}
      type="button"
    >
      Command Palette  
      <kbd
        className="ui mini horizontal grey label"
      >
        <span
          style={
            Object {
              "clip": "rect(1px, 1px, 1px, 1px)",
              "display": "inline-block",
              "height": "1px",
              "overflow": "hidden",
              "position": "absolute !important",
              "width": "1px",
            }
          }
        >
           Keyboard Shortcut 
        </span>
        ⇧⌘P
      </kbd>
    </button>
    <div
      className="ReactModal__Overlay"
      onClick={[Function]}
      onMouseDown={[Function]}
      style={
        Object {
          "backgroundColor": "rgba(255, 255, 255, 0.75)",
          "bottom": 0,
          "left": 0,
          "position": "fixed",
          "right": 0,
          "top": 0,
        }
      }
    >
      <div
        aria-label="Command Palette"
        aria-modal={true}
        className="ReactModal__Content"
        onClick={[Function]}
        onKeyDown={[Function]}
        onMouseDown={[Function]}
        onMouseUp={[Function]}
        role="dialog"
        style={
          Object {
            "WebkitOverflowScrolling": "touch",
            "background": "#fff",
            "border": "1px solid #ccc",
            "borderRadius": "4px",
            "bottom": "40px",
            "left": "40px",
            "outline": "none",
            "overflow": "auto",
            "padding": "20px",
            "position": "absolute",
            "right": "40px",
            "top": "40px",
          }
        }
        tabIndex="-1"
      >
        <div>
          <div />
          <div
            aria-expanded={false}
            aria-haspopup="listbox"
            aria-owns="react-autowhatever-1"
            role="combobox"
            style={Object {}}
          >
            <input
              aria-activedescendant={null}
              aria-autocomplete="list"
              aria-controls="react-autowhatever-1"
              autoComplete="off"
              onBlur={[Function]}
              onChange={[Function]}
              onFocus={[Function]}
              onKeyDown={[Function]}
              placeholder="Type a command"
              style={Object {}}
              type="text"
              value=""
            />
            <div
              id="react-autowhatever-1"
              role="listbox"
              style={Object {}}
            />
          </div>
        </div>
      </div>
    </div>
  </div>,
]
`;

exports[`Storyshots Command Palette/Command Palette One Command 1`] = `
Array [
  <div>
    ctrl+p to show the command palette
  </div>,
  <div
    className="react-command-palette"
  >
    <button
      className="trigger"
      onClick={[Function]}
      type="button"
    >
      Command Palette  
      <kbd
        className="ui mini horizontal grey label"
      >
        <span
          style={
            Object {
              "clip": "rect(1px, 1px, 1px, 1px)",
              "display": "inline-block",
              "height": "1px",
              "overflow": "hidden",
              "position": "absolute !important",
              "width": "1px",
            }
          }
        >
           Keyboard Shortcut 
        </span>
        ⇧⌘P
      </kbd>
    </button>
    <div
      className="ReactModal__Overlay"
      onClick={[Function]}
      onMouseDown={[Function]}
      style={
        Object {
          "backgroundColor": "rgba(255, 255, 255, 0.75)",
          "bottom": 0,
          "left": 0,
          "position": "fixed",
          "right": 0,
          "top": 0,
        }
      }
    >
      <div
        aria-label="Command Palette"
        aria-modal={true}
        className="ReactModal__Content"
        onClick={[Function]}
        onKeyDown={[Function]}
        onMouseDown={[Function]}
        onMouseUp={[Function]}
        role="dialog"
        style={
          Object {
            "WebkitOverflowScrolling": "touch",
            "background": "#fff",
            "border": "1px solid #ccc",
            "borderRadius": "4px",
            "bottom": "40px",
            "left": "40px",
            "outline": "none",
            "overflow": "auto",
            "padding": "20px",
            "position": "absolute",
            "right": "40px",
            "top": "40px",
          }
        }
        tabIndex="-1"
      >
        <div>
          <div />
          <div
            aria-expanded={false}
            aria-haspopup="listbox"
            aria-owns="react-autowhatever-1"
            role="combobox"
            style={Object {}}
          >
            <input
              aria-activedescendant={null}
              aria-autocomplete="list"
              aria-controls="react-autowhatever-1"
              autoComplete="off"
              onBlur={[Function]}
              onChange={[Function]}
              onFocus={[Function]}
              onKeyDown={[Function]}
              placeholder="Type a command"
              style={Object {}}
              type="text"
              value=""
            />
            <div
              id="react-autowhatever-1"
              role="listbox"
              style={Object {}}
            />
          </div>
        </div>
      </div>
    </div>
  </div>,
]
`;

exports[`Storyshots Command Palette/Command Palette With One Key 1`] = `
Array [
  <div>
    ctrl+p to show the command palette
  </div>,
  <div
    className="react-command-palette"
  >
    <button
      className="trigger"
      onClick={[Function]}
      type="button"
    >
      Command Palette  
      <kbd
        className="ui mini horizontal grey label"
      >
        <span
          style={
            Object {
              "clip": "rect(1px, 1px, 1px, 1px)",
              "display": "inline-block",
              "height": "1px",
              "overflow": "hidden",
              "position": "absolute !important",
              "width": "1px",
            }
          }
        >
           Keyboard Shortcut 
        </span>
        ⇧⌘P
      </kbd>
    </button>
    <div
      className="ReactModal__Overlay"
      onClick={[Function]}
      onMouseDown={[Function]}
      style={
        Object {
          "backgroundColor": "rgba(255, 255, 255, 0.75)",
          "bottom": 0,
          "left": 0,
          "position": "fixed",
          "right": 0,
          "top": 0,
        }
      }
    >
      <div
        aria-label="Command Palette"
        aria-modal={true}
        className="ReactModal__Content"
        onClick={[Function]}
        onKeyDown={[Function]}
        onMouseDown={[Function]}
        onMouseUp={[Function]}
        role="dialog"
        style={
          Object {
            "WebkitOverflowScrolling": "touch",
            "background": "#fff",
            "border": "1px solid #ccc",
            "borderRadius": "4px",
            "bottom": "40px",
            "left": "40px",
            "outline": "none",
            "overflow": "auto",
            "padding": "20px",
            "position": "absolute",
            "right": "40px",
            "top": "40px",
          }
        }
        tabIndex="-1"
      >
        <div>
          <div />
          <div
            aria-expanded={false}
            aria-haspopup="listbox"
            aria-owns="react-autowhatever-1"
            role="combobox"
            style={Object {}}
          >
            <input
              aria-activedescendant={null}
              aria-autocomplete="list"
              aria-controls="react-autowhatever-1"
              autoComplete="off"
              onBlur={[Function]}
              onChange={[Function]}
              onFocus={[Function]}
              onKeyDown={[Function]}
              placeholder="Type a command"
              style={Object {}}
              type="text"
              value=""
            />
            <div
              id="react-autowhatever-1"
              role="listbox"
              style={Object {}}
            />
          </div>
        </div>
      </div>
    </div>
  </div>,
]
`;

exports[`Storyshots Command Palette/Command Palette With Override Key In Mac 1`] = `
Array [
  <div>
    ctrl+p to show the command palette
  </div>,
  <div
    className="react-command-palette"
  >
    <button
      className="trigger"
      onClick={[Function]}
      type="button"
    >
      Command Palette  
      <kbd
        className="ui mini horizontal grey label"
      >
        <span
          style={
            Object {
              "clip": "rect(1px, 1px, 1px, 1px)",
              "display": "inline-block",
              "height": "1px",
              "overflow": "hidden",
              "position": "absolute !important",
              "width": "1px",
            }
          }
        >
           Keyboard Shortcut 
        </span>
        ⇧⌘P
      </kbd>
    </button>
    <div
      className="ReactModal__Overlay"
      onClick={[Function]}
      onMouseDown={[Function]}
      style={
        Object {
          "backgroundColor": "rgba(255, 255, 255, 0.75)",
          "bottom": 0,
          "left": 0,
          "position": "fixed",
          "right": 0,
          "top": 0,
        }
      }
    >
      <div
        aria-label="Command Palette"
        aria-modal={true}
        className="ReactModal__Content"
        onClick={[Function]}
        onKeyDown={[Function]}
        onMouseDown={[Function]}
        onMouseUp={[Function]}
        role="dialog"
        style={
          Object {
            "WebkitOverflowScrolling": "touch",
            "background": "#fff",
            "border": "1px solid #ccc",
            "borderRadius": "4px",
            "bottom": "40px",
            "left": "40px",
            "outline": "none",
            "overflow": "auto",
            "padding": "20px",
            "position": "absolute",
            "right": "40px",
            "top": "40px",
          }
        }
        tabIndex="-1"
      >
        <div>
          <div />
          <div
            aria-expanded={false}
            aria-haspopup="listbox"
            aria-owns="react-autowhatever-1"
            role="combobox"
            style={Object {}}
          >
            <input
              aria-activedescendant={null}
              aria-autocomplete="list"
              aria-controls="react-autowhatever-1"
              autoComplete="off"
              onBlur={[Function]}
              onChange={[Function]}
              onFocus={[Function]}
              onKeyDown={[Function]}
              placeholder="Type a command"
              style={Object {}}
              type="text"
              value=""
            />
            <div
              id="react-autowhatever-1"
              role="listbox"
              style={Object {}}
            />
          </div>
        </div>
      </div>
    </div>
  </div>,
]
`;

exports[`Storyshots Command Palette/Command Palette Without Override Key In Mac 1`] = `
Array [
  <div>
    ctrl+p to show the command palette
  </div>,
  <div
    className="react-command-palette"
  >
    <button
      className="trigger"
      onClick={[Function]}
      type="button"
    >
      Command Palette  
      <kbd
        className="ui mini horizontal grey label"
      >
        <span
          style={
            Object {
              "clip": "rect(1px, 1px, 1px, 1px)",
              "display": "inline-block",
              "height": "1px",
              "overflow": "hidden",
              "position": "absolute !important",
              "width": "1px",
            }
          }
        >
           Keyboard Shortcut 
        </span>
        ⇧⌘P
      </kbd>
    </button>
    <div
      className="ReactModal__Overlay"
      onClick={[Function]}
      onMouseDown={[Function]}
      style={
        Object {
          "backgroundColor": "rgba(255, 255, 255, 0.75)",
          "bottom": 0,
          "left": 0,
          "position": "fixed",
          "right": 0,
          "top": 0,
        }
      }
    >
      <div
        aria-label="Command Palette"
        aria-modal={true}
        className="ReactModal__Content"
        onClick={[Function]}
        onKeyDown={[Function]}
        onMouseDown={[Function]}
        onMouseUp={[Function]}
        role="dialog"
        style={
          Object {
            "WebkitOverflowScrolling": "touch",
            "background": "#fff",
            "border": "1px solid #ccc",
            "borderRadius": "4px",
            "bottom": "40px",
            "left": "40px",
            "outline": "none",
            "overflow": "auto",
            "padding": "20px",
            "position": "absolute",
            "right": "40px",
            "top": "40px",
          }
        }
        tabIndex="-1"
      >
        <div>
          <div />
          <div
            aria-expanded={false}
            aria-haspopup="listbox"
            aria-owns="react-autowhatever-1"
            role="combobox"
            style={Object {}}
          >
            <input
              aria-activedescendant={null}
              aria-autocomplete="list"
              aria-controls="react-autowhatever-1"
              autoComplete="off"
              onBlur={[Function]}
              onChange={[Function]}
              onFocus={[Function]}
              onKeyDown={[Function]}
              placeholder="Type a command"
              style={Object {}}
              type="text"
              value=""
            />
            <div
              id="react-autowhatever-1"
              role="listbox"
              style={Object {}}
            />
          </div>
        </div>
      </div>
    </div>
  </div>,
]
`;
